{ "timestamp": "2020-04-23", "event": "testEvent" }
{ "timestamp": "2020-04-23", "event": "test2" }